[2019-11-25 10:55:56] local.ERROR: Call to undefined method App\Services\XinService::testCCAndStoreData() {"exception":"[object] (Symfony\\Component\\Debug\\Exception\\FatalThrowableError(code: 0): Call to undefined method App\\Services\\XinService::testCCAndStoreData() at /Users/el/htdocs/par.xin.com/app/Services/Cron/ClueService.php:88)
[stacktrace]
#0 /Users/el/htdocs/par.xin.com/app/Console/Commands/ClueCron.php(70): App\\Services\\Cron\\ClueService->updateConversionRate()
#1 /Users/el/htdocs/par.xin.com/app/Console/Commands/ClueCron.php(52): App\\Console\\Commands\\ClueCron->updateConversionRate()
#2 [internal function]: App\\Console\\Commands\\ClueCron->handle()
#3 /Users/el/htdocs/par.xin.com/vendor/laravel/framework/src/Illuminate/Container/BoundMethod.php(32): call_user_func_array(Array, Array)
#4 /Users/el/htdocs/par.xin.com/vendor/laravel/framework/src/Illuminate/Container/BoundMethod.php(90): Illuminate\\Container\\BoundMethod::Illuminate\\Container\\{closure}()
#5 /Users/el/htdocs/par.xin.com/vendor/laravel/framework/src/Illuminate/Container/BoundMethod.php(34): Illuminate\\Container\\BoundMethod::callBoundMethod(Object(Illuminate\\Foundation\\Application), Array, Object(Closure))
#6 /Users/el/htdocs/par.xin.com/vendor/laravel/framework/src/Illuminate/Container/Container.php(580): Illuminate\\Container\\BoundMethod::call(Object(Illuminate\\Foundation\\Application), Array, Array, NULL)
#7 /Users/el/htdocs/par.xin.com/vendor/laravel/framework/src/Illuminate/Console/Command.php(183): Illuminate\\Container\\Container->call(Array)
#8 /Users/el/htdocs/par.xin.com/vendor/symfony/console/Command/Command.php(255): Illuminate\\Console\\Command->execute(Object(Symfony\\Component\\Console\\Input\\ArgvInput), Object(Illuminate\\Console\\OutputStyle))
#9 /Users/el/htdocs/par.xin.com/vendor/laravel/framework/src/Illuminate/Console/Command.php(170): Symfony\\Component\\Console\\Command\\Command->run(Object(Symfony\\Component\\Console\\Input\\ArgvInput), Object(Illuminate\\Console\\OutputStyle))
#10 /Users/el/htdocs/par.xin.com/vendor/symfony/console/Application.php(908): Illuminate\\Console\\Command->run(Object(Symfony\\Component\\Console\\Input\\ArgvInput), Object(Symfony\\Component\\Console\\Output\\ConsoleOutput))
#11 /Users/el/htdocs/par.xin.com/vendor/symfony/console/Application.php(269): Symfony\\Component\\Console\\Application->doRunCommand(Object(App\\Console\\Commands\\ClueCron), Object(Symfony\\Component\\Console\\Input\\ArgvInput), Object(Symfony\\Component\\Console\\Output\\ConsoleOutput))
#12 /Users/el/htdocs/par.xin.com/vendor/symfony/console/Application.php(145): Symfony\\Component\\Console\\Application->doRun(Object(Symfony\\Component\\Console\\Input\\ArgvInput), Object(Symfony\\Component\\Console\\Output\\ConsoleOutput))
#13 /Users/el/htdocs/par.xin.com/vendor/laravel/framework/src/Illuminate/Console/Application.php(90): Symfony\\Component\\Console\\Application->run(Object(Symfony\\Component\\Console\\Input\\ArgvInput), Object(Symfony\\Component\\Console\\Output\\ConsoleOutput))
#14 /Users/el/htdocs/par.xin.com/vendor/laravel/framework/src/Illuminate/Foundation/Console/Kernel.php(122): Illuminate\\Console\\Application->run(Object(Symfony\\Component\\Console\\Input\\ArgvInput), Object(Symfony\\Component\\Console\\Output\\ConsoleOutput))
#15 /Users/el/htdocs/par.xin.com/artisan(53): Illuminate\\Foundation\\Console\\Kernel->handle(Object(Symfony\\Component\\Console\\Input\\ArgvInput), Object(Symfony\\Component\\Console\\Output\\ConsoleOutput))
#16 {main}
"} 
[2019-11-25 10:56:18] local.ERROR: Too few arguments to function App\Library\RedisXin::set(), 1 passed in /Users/el/htdocs/par.xin.com/app/Services/Cron/ClueService.php on line 299 and at least 2 expected {"exception":"[object] (Symfony\\Component\\Debug\\Exception\\FatalThrowableError(code: 0): Too few arguments to function App\\Library\\RedisXin::set(), 1 passed in /Users/el/htdocs/par.xin.com/app/Services/Cron/ClueService.php on line 299 and at least 2 expected at /Users/el/htdocs/par.xin.com/app/Library/RedisXin.php:22)
[stacktrace]
#0 /Users/el/htdocs/par.xin.com/app/Services/Cron/ClueService.php(299): App\\Library\\RedisXin::set('x3_test_cc_clue...')
#1 /Users/el/htdocs/par.xin.com/app/Services/Cron/ClueService.php(88): App\\Services\\Cron\\ClueService->testCCAndStoreData()
#2 /Users/el/htdocs/par.xin.com/app/Console/Commands/ClueCron.php(70): App\\Services\\Cron\\ClueService->updateConversionRate()
#3 /Users/el/htdocs/par.xin.com/app/Console/Commands/ClueCron.php(52): App\\Console\\Commands\\ClueCron->updateConversionRate()
#4 [internal function]: App\\Console\\Commands\\ClueCron->handle()
#5 /Users/el/htdocs/par.xin.com/vendor/laravel/framework/src/Illuminate/Container/BoundMethod.php(32): call_user_func_array(Array, Array)
#6 /Users/el/htdocs/par.xin.com/vendor/laravel/framework/src/Illuminate/Container/BoundMethod.php(90): Illuminate\\Container\\BoundMethod::Illuminate\\Container\\{closure}()
#7 /Users/el/htdocs/par.xin.com/vendor/laravel/framework/src/Illuminate/Container/BoundMethod.php(34): Illuminate\\Container\\BoundMethod::callBoundMethod(Object(Illuminate\\Foundation\\Application), Array, Object(Closure))
#8 /Users/el/htdocs/par.xin.com/vendor/laravel/framework/src/Illuminate/Container/Container.php(580): Illuminate\\Container\\BoundMethod::call(Object(Illuminate\\Foundation\\Application), Array, Array, NULL)
#9 /Users/el/htdocs/par.xin.com/vendor/laravel/framework/src/Illuminate/Console/Command.php(183): Illuminate\\Container\\Container->call(Array)
#10 /Users/el/htdocs/par.xin.com/vendor/symfony/console/Command/Command.php(255): Illuminate\\Console\\Command->execute(Object(Symfony\\Component\\Console\\Input\\ArgvInput), Object(Illuminate\\Console\\OutputStyle))
#11 /Users/el/htdocs/par.xin.com/vendor/laravel/framework/src/Illuminate/Console/Command.php(170): Symfony\\Component\\Console\\Command\\Command->run(Object(Symfony\\Component\\Console\\Input\\ArgvInput), Object(Illuminate\\Console\\OutputStyle))
#12 /Users/el/htdocs/par.xin.com/vendor/symfony/console/Application.php(908): Illuminate\\Console\\Command->run(Object(Symfony\\Component\\Console\\Input\\ArgvInput), Object(Symfony\\Component\\Console\\Output\\ConsoleOutput))
#13 /Users/el/htdocs/par.xin.com/vendor/symfony/console/Application.php(269): Symfony\\Component\\Console\\Application->doRunCommand(Object(App\\Console\\Commands\\ClueCron), Object(Symfony\\Component\\Console\\Input\\ArgvInput), Object(Symfony\\Component\\Console\\Output\\ConsoleOutput))
#14 /Users/el/htdocs/par.xin.com/vendor/symfony/console/Application.php(145): Symfony\\Component\\Console\\Application->doRun(Object(Symfony\\Component\\Console\\Input\\ArgvInput), Object(Symfony\\Component\\Console\\Output\\ConsoleOutput))
#15 /Users/el/htdocs/par.xin.com/vendor/laravel/framework/src/Illuminate/Console/Application.php(90): Symfony\\Component\\Console\\Application->run(Object(Symfony\\Component\\Console\\Input\\ArgvInput), Object(Symfony\\Component\\Console\\Output\\ConsoleOutput))
#16 /Users/el/htdocs/par.xin.com/vendor/laravel/framework/src/Illuminate/Foundation/Console/Kernel.php(122): Illuminate\\Console\\Application->run(Object(Symfony\\Component\\Console\\Input\\ArgvInput), Object(Symfony\\Component\\Console\\Output\\ConsoleOutput))
#17 /Users/el/htdocs/par.xin.com/artisan(53): Illuminate\\Foundation\\Console\\Kernel->handle(Object(Symfony\\Component\\Console\\Input\\ArgvInput), Object(Symfony\\Component\\Console\\Output\\ConsoleOutput))
#18 {main}
"} 
